{
  "command": [
    "cargo",
    "xtask",
    "e2e-local",
    "--browser",
    "firefox",
    "trusted-controls-evidence.spec.ts"
  ],
  "exit_code": 0,
  "ok": true,
  "signal": null,
  "duration_ms": 212855,
  "stdout": {
    "path": "/home/mdorman/src/jaunder/milestone-22-9/.xtask/run/1789948482893-1826299.out",
    "bytes": 855,
    "lines": 18
  },
  "stderr": {
    "path": "/home/mdorman/src/jaunder/milestone-22-9/.xtask/run/1789948482893-1826299.err",
    "bytes": 6982,
    "lines": 51
  }
}
